// Jest Snapshot v1, https://goo.gl/fbAQLP

exports[`<DashboardSidebar/> should render without crashing 1`] = `ShallowWrapper {}`;
